slurmstepd: error: /proc/self/oom_adj not found
Traceback (most recent call last):
  File "<frozen runpy>", line 189, in _run_module_as_main
  File "<frozen runpy>", line 112, in _get_module_details
  File "/uufs/chpc.utah.edu/common/home/u1037042/software/pkg/miniconda3/envs/snow_viz/lib/python3.12/site-packages/distributed/__init__.py", line 23, in <module>
    from distributed.actor import Actor, ActorFuture, BaseActorFuture
  File "/uufs/chpc.utah.edu/common/home/u1037042/software/pkg/miniconda3/envs/snow_viz/lib/python3.12/site-packages/distributed/actor.py", line 13, in <module>
    from distributed.client import Future
  File "/uufs/chpc.utah.edu/common/home/u1037042/software/pkg/miniconda3/envs/snow_viz/lib/python3.12/site-packages/distributed/client.py", line 66, in <module>
    from distributed.core import OKMessage
  File "/uufs/chpc.utah.edu/common/home/u1037042/software/pkg/miniconda3/envs/snow_viz/lib/python3.12/site-packages/distributed/core.py", line 39, in <module>
    from distributed.comm import (
  File "/uufs/chpc.utah.edu/common/home/u1037042/software/pkg/miniconda3/envs/snow_viz/lib/python3.12/site-packages/distributed/comm/__init__.py", line 31, in <module>
    _register_transports()
  File "/uufs/chpc.utah.edu/common/home/u1037042/software/pkg/miniconda3/envs/snow_viz/lib/python3.12/site-packages/distributed/comm/__init__.py", line 20, in _register_transports
    from distributed.comm import inproc, tcp, ws
  File "/uufs/chpc.utah.edu/common/home/u1037042/software/pkg/miniconda3/envs/snow_viz/lib/python3.12/site-packages/distributed/comm/tcp.py", line 41, in <module>
    from distributed.system import MEMORY_LIMIT
  File "/uufs/chpc.utah.edu/common/home/u1037042/software/pkg/miniconda3/envs/snow_viz/lib/python3.12/site-packages/distributed/system.py", line 67, in <module>
    MEMORY_LIMIT = memory_limit()
                   ^^^^^^^^^^^^^^
  File "/uufs/chpc.utah.edu/common/home/u1037042/software/pkg/miniconda3/envs/snow_viz/lib/python3.12/site-packages/distributed/system.py", line 23, in memory_limit
    limit = psutil.virtual_memory().total
            ^^^^^^^^^^^^^^^^^^^^^^^
  File "/uufs/chpc.utah.edu/common/home/u1037042/software/pkg/miniconda3/envs/snow_viz/lib/python3.12/site-packages/psutil/__init__.py", line 2008, in virtual_memory
    ret = _psplatform.virtual_memory()
          ^^^^^^^^^^^^^^^^^^^^^^^^^^^^
  File "/uufs/chpc.utah.edu/common/home/u1037042/software/pkg/miniconda3/envs/snow_viz/lib/python3.12/site-packages/psutil/_pslinux.py", line 428, in virtual_memory
    with open_binary('%s/meminfo' % get_procfs_path()) as f:
         ^^^^^^^^^^^^^^^^^^^^^^^^^^^^^^^^^^^^^^^^^^^^^
  File "/uufs/chpc.utah.edu/common/home/u1037042/software/pkg/miniconda3/envs/snow_viz/lib/python3.12/site-packages/psutil/_common.py", line 799, in open_binary
    return open(fname, "rb", buffering=FILE_READ_BUFFER_SIZE)
           ^^^^^^^^^^^^^^^^^^^^^^^^^^^^^^^^^^^^^^^^^^^^^^^^^^
FileNotFoundError: [Errno 2] No such file or directory: '/proc/meminfo'
